\BOOKMARK [1][-]{section.1}{\376\377\000P\000r\000\351\000s\000e\000n\000t\000a\000t\000i\000o\000n\000\040\000g\000\351\000n\000\351\000r\000a\000l\000e}{}% 1
\BOOKMARK [0][-]{part*.1}{\376\377\000P\000a\000r\000t\000i\000e\000\040\000I\000\040\040\024\000\040\000L\000e\000\040\000p\000a\000c\000k\000a\000g\000e\000\040\000D\000i\000a\000g\000r\000a\000m\000m\000e\000s}{}% 2
\BOOKMARK [1][-]{section.2}{\376\377\000D\000\351\000p\000e\000n\000d\000a\000n\000c\000e\000s\000\040\000e\000t\000\040\000c\000h\000a\000r\000g\000e\000m\000e\000n\000t}{part*.1}% 3
\BOOKMARK [1][-]{section.3}{\376\377\000E\000n\000v\000i\000r\000o\000n\000n\000e\000m\000e\000n\000t\000\040\000R\000e\000p\000e\000r\000e}{part*.1}% 4
\BOOKMARK [2][-]{subsection.3.1}{\376\377\000S\000y\000n\000t\000a\000x\000e}{section.3}% 5
\BOOKMARK [2][-]{subsection.3.2}{\376\377\000\134\000c\000o\000o\000r\000d\000p\000o\000i\000n\000t\000s}{section.3}% 6
\BOOKMARK [2][-]{subsection.3.3}{\376\377\000E\000x\000e\000m\000p\000l\000e}{section.3}% 7
\BOOKMARK [1][-]{section.4}{\376\377\000E\000n\000v\000i\000r\000o\000n\000n\000e\000m\000e\000n\000t\000\040\000D\000r\000o\000i\000t\000e\000G\000r\000a\000d\000u\000e\000e}{part*.1}% 8
\BOOKMARK [2][-]{subsection.4.1}{\376\377\000S\000y\000n\000t\000a\000x\000e}{section.4}% 9
\BOOKMARK [2][-]{subsection.4.2}{\376\377\000\134\000p\000o\000i\000n\000t\000g\000r\000a\000d\000u\000e}{section.4}% 10
\BOOKMARK [2][-]{subsection.4.3}{\376\377\000E\000x\000e\000m\000p\000l\000e\000\040\000c\000o\000m\000p\000l\000e\000t}{section.4}% 11
\BOOKMARK [1][-]{section.5}{\376\377\000S\000y\000s\000t\000\350\000m\000e\000\040\000d\000'\000h\000i\000s\000t\000o\000g\000r\000a\000m\000m\000e\000s\000\040\000\050\000j\000e\000u\000\040\000d\000e\000\040\000c\000l\000\351\000s\000\040\000h\000i\000s\000t\000o\000s\000t\000a\000t\000s\000\051}{part*.1}% 12
\BOOKMARK [2][-]{subsection.5.1}{\376\377\000J\000e\000u\000\040\000d\000e\000\040\000c\000l\000\351\000s\000\040\000h\000i\000s\000t\000o\000s\000t\000a\000t\000s}{section.5}% 13
\BOOKMARK [2][-]{subsection.5.2}{\376\377\000\134\000H\000i\000s\000t\000o\000g\000r\000a\000m\000m\000e\000[\000c\000l\000\351\000s\000]\000\173\000d\000o\000n\000n\000\351\000e\000s\000\175}{section.5}% 14
\BOOKMARK [3][-]{subsubsection.5.2.1}{\376\377\000F\000o\000r\000m\000a\000t\000\040\000d\000e\000s\000\040\000d\000o\000n\000n\000\351\000e\000s}{subsection.5.2}% 15
\BOOKMARK [3][-]{subsubsection.5.2.2}{\376\377\000F\000o\000n\000c\000t\000i\000o\000n\000n\000e\000m\000e\000n\000t\000\040\000i\000n\000t\000e\000r\000n\000e\000\040\000\050\000r\000\351\000s\000u\000m\000\351\000\051}{subsection.5.2}% 16
\BOOKMARK [2][-]{subsection.5.3}{\376\377\000\134\000H\000i\000s\000t\000o\000g\000r\000a\000m\000m\000e\000T\000i\000k\000z\000[\000c\000l\000\351\000s\000]\000\173\000d\000o\000n\000n\000\351\000e\000s\000\175}{section.5}% 17
\BOOKMARK [2][-]{subsection.5.4}{\376\377\000\134\000H\000i\000s\000t\000o\000g\000r\000a\000m\000m\000e\000D\000e\000n\000s\000i\000t\000e\000[\000c\000l\000\351\000s\000]\000\173\000d\000o\000n\000n\000\351\000e\000s\000\175}{section.5}% 18
\BOOKMARK [1][-]{section.6}{\376\377\000A\000i\000d\000e\000-\000m\000\351\000m\000o\000i\000r\000e\000\040\040\024\000\040\000D\000i\000a\000g\000r\000a\000m\000m\000e\000s}{part*.1}% 19
\BOOKMARK [0][-]{part*.2}{\376\377\000P\000a\000r\000t\000i\000e\000\040\000I\000I\000\040\040\024\000\040\000L\000e\000\040\000p\000a\000c\000k\000a\000g\000e\000\040\000F\000i\000g\000M\000a\000t\000h}{}% 20
\BOOKMARK [1][-]{section.7}{\376\377\000D\000\351\000p\000e\000n\000d\000a\000n\000c\000e\000s\000,\000\040\000c\000h\000a\000r\000g\000e\000m\000e\000n\000t\000\040\000e\000t\000\040\000m\000\351\000c\000a\000n\000i\000s\000m\000e\000s\000\040\000c\000o\000m\000m\000u\000n\000s}{part*.2}% 21
\BOOKMARK [2][-]{subsection.7.1}{\376\377\000M\000\351\000c\000a\000n\000i\000s\000m\000e\000s\000\040\000i\000n\000t\000e\000r\000n\000e\000s\000\040\000c\000o\000m\000m\000u\000n\000s}{section.7}% 22
\BOOKMARK [1][-]{section.8}{\376\377\000F\000i\000g\000u\000r\000e\000s\000\040\0003\000D}{part*.2}% 23
\BOOKMARK [2][-]{subsection.8.1}{\376\377\000\134\000c\000y\000l\000i\000n\000d\000r\000e\000[\000a\000r\000c\000]\000[\000p\000r\000e\000f\000i\000x\000e\000]\000\173\000r\000a\000y\000o\000n\000\175\000\173\000h\000a\000u\000t\000e\000u\000r\000\175}{section.8}% 24
\BOOKMARK [2][-]{subsection.8.2}{\376\377\000\134\000c\000y\000l\000p\000o\000i\000n\000t\000\173\000a\000n\000g\000l\000e\000\175\000\173\000b\000a\000s\000|\000h\000a\000u\000t\000\175\000\173\000n\000o\000m\000\175}{section.8}% 25
\BOOKMARK [2][-]{subsection.8.3}{\376\377\000\134\000c\000o\000n\000e\000*\000[\000a\000r\000c\000]\000[\000l\000a\000b\000e\000l\000s\000]\000\173\000r\000a\000y\000o\000n\000\175\000\173\000h\000a\000u\000t\000e\000u\000r\000\175}{section.8}% 26
\BOOKMARK [2][-]{subsection.8.4}{\376\377\000\134\000c\000u\000b\000e\000[\000a\000n\000g\000l\000e\000]\000[\000l\000a\000b\000e\000l\000s\000]\000\173\000l\000o\000n\000g\000u\000e\000u\000r\000\175\000\173\000h\000a\000u\000t\000e\000u\000r\000\175}{section.8}% 27
\BOOKMARK [2][-]{subsection.8.5}{\376\377\000\134\000p\000r\000i\000s\000m\000e\000[\000a\000n\000g\000l\000e\000]\000[\000l\000a\000b\000e\000l\000s\000]\000\173\000b\000a\000s\000e\000\175\000\173\000h\000a\000u\000t\000e\000u\000r\000\175\000\173\000a\000n\000g\000l\000e\0001\000\175\000\173\000a\000n\000g\000l\000e\0002\000\175}{section.8}% 28
\BOOKMARK [2][-]{subsection.8.6}{\376\377\000\134\000p\000y\000r\000a\000m\000i\000d\000e\000[\000a\000n\000g\000l\000e\000]\000[\000l\000a\000b\000e\000l\000s\000]\000\173\000b\000a\000s\000e\000\175\000\173\000a\000n\000g\000l\000e\000S\000o\000m\000m\000e\000t\0001\000\175\000\173\000a\000n\000g\000l\000e\000S\000o\000m\000m\000e\000t\0002\000\175}{section.8}% 29
\BOOKMARK [2][-]{subsection.8.7}{\376\377\000\134\000t\000e\000t\000r\000a\000[\000a\000n\000g\000l\000e\000]\000[\000l\000a\000b\000e\000l\000s\000]\000\173\000b\000a\000s\000e\000\175\000\173\000a\000n\000g\000l\000e\000S\000o\000m\000m\000e\000t\0001\000\175\000\173\000a\000n\000g\000l\000e\000S\000o\000m\000m\000e\000t\0002\000\175}{section.8}% 30
\BOOKMARK [1][-]{section.9}{\376\377\000F\000i\000g\000u\000r\000e\000s\000\040\000p\000l\000a\000n\000e\000s}{part*.2}% 31
\BOOKMARK [2][-]{subsection.9.1}{\376\377\000\134\000F\000i\000g\000Q\000u\000a\000d\000r\000i\000l\000a\000t\000e\000r\000e\000\173\000A\000\175\000\173\000B\000\175\000\173\000C\000\175\000\173\000D\000\175\000\173\000c\000e\000n\000t\000r\000e\000\175\000\173\000p\000o\000s\000i\000t\000i\000o\000n\000L\000a\000b\000e\000l\000C\000e\000n\000t\000r\000e\000\175}{section.9}% 32
\BOOKMARK [2][-]{subsection.9.2}{\376\377\000\134\000c\000a\000r\000r\000e\000[\000l\000a\000b\000e\000l\000s\000]\000\173\000c\000\364\000t\000\351\000\175\000[\000n\000o\000m\000\137\000c\000e\000n\000t\000r\000e\000]}{section.9}% 33
\BOOKMARK [2][-]{subsection.9.3}{\376\377\000\134\000r\000e\000c\000t\000a\000n\000g\000l\000e\000[\000l\000a\000b\000e\000l\000s\000]\000\173\000l\000o\000n\000g\000u\000e\000u\000r\000\175\000\173\000l\000a\000r\000g\000e\000u\000r\000\175\000[\000n\000o\000m\000\137\000c\000e\000n\000t\000r\000e\000]}{section.9}% 34
\BOOKMARK [2][-]{subsection.9.4}{\376\377\000\134\000p\000a\000r\000a\000l\000l\000e\000l\000o\000g\000r\000a\000m\000m\000e\000[\000a\000n\000g\000l\000e\000]\000[\000l\000a\000b\000e\000l\000s\000]\000\173\000b\000a\000s\000e\000\175\000\173\000c\000\364\000t\000\351\000\175\000[\000n\000o\000m\000\137\000c\000e\000n\000t\000r\000e\000]}{section.9}% 35
\BOOKMARK [2][-]{subsection.9.5}{\376\377\000\134\000l\000o\000s\000a\000n\000g\000e\000[\000a\000n\000g\000l\000e\000]\000[\000l\000a\000b\000e\000l\000s\000]\000\173\000c\000\364\000t\000\351\000\175\000[\000n\000o\000m\000\137\000c\000e\000n\000t\000r\000e\000]}{section.9}% 36
\BOOKMARK [2][-]{subsection.9.6}{\376\377\000\134\000t\000r\000a\000p\000e\000z\000e\000[\000a\000n\000g\000l\000e\000]\000[\000l\000a\000b\000e\000l\000s\000]\000\173\000g\000r\000a\000n\000d\000e\000B\000a\000s\000e\000\175\000\173\000p\000e\000t\000i\000t\000e\000B\000a\000s\000e\000\175\000\173\000h\000a\000u\000t\000e\000u\000r\000\175\000[\000n\000o\000m\000\137\000c\000e\000n\000t\000r\000e\000]}{section.9}% 37
\BOOKMARK [2][-]{subsection.9.7}{\376\377\000\134\000T\000r\000i\000a\000n\000g\000l\000e\000*\000[\000a\000n\000g\000l\000e\000A\000]\000[\000l\000a\000b\000e\000l\000s\000]\000\173\000b\000a\000s\000e\000\175\000\173\000a\000n\000g\000l\000e\000B\000\175}{section.9}% 38
\BOOKMARK [2][-]{subsection.9.8}{\376\377\000\134\000c\000e\000r\000c\000l\000e\000*\000[\000a\000n\000g\000l\000e\000]\000[\000l\000a\000b\000e\000l\000s\000]\000\173\000r\000a\000y\000o\000n\000\175}{section.9}% 39
\BOOKMARK [2][-]{subsection.9.9}{\376\377\000\134\000t\000h\000a\000l\000e\000s\000*\000[\000a\000n\000g\000l\000e\000]\000[\000l\000a\000b\000e\000l\000s\000]\000\173\000a\000n\000g\000l\000e\000S\000e\000c\000a\000n\000t\000e\000s\000\175\000\173\000d\000i\000s\000t\0001\000\175\000\173\000d\000i\000s\000t\0002\000\175}{section.9}% 40
\BOOKMARK [2][-]{subsection.9.10}{\376\377\000\134\000p\000a\000r\000a\000l\000l\000e\000l\000e\000s\000S\000e\000c\000a\000n\000t\000e\000*\000[\000a\000n\000g\000l\000e\000]\000[\000l\000a\000b\000e\000l\000s\000]\000\173\000d\000i\000s\000t\000a\000n\000c\000e\000\175\000\173\000d\000e\000m\000i\000-\000l\000o\000n\000g\000u\000e\000u\000r\000\175}{section.9}% 41
\BOOKMARK [1][-]{section.10}{\376\377\000A\000i\000d\000e\000-\000m\000\351\000m\000o\000i\000r\000e\000\040\040\024\000\040\000F\000i\000g\000M\000a\000t\000h}{part*.2}% 42
\BOOKMARK [1][-]{section.11}{\376\377\000U\000t\000i\000l\000i\000s\000a\000t\000i\000o\000n\000\040\000c\000o\000n\000j\000o\000i\000n\000t\000e\000\040\000a\000v\000e\000c\000\040\000P\000r\000o\000f\000M\000o\000d\000e\000l\000s}{part*.2}% 43
\BOOKMARK [1][-]{section.12}{\376\377\000L\000i\000m\000i\000t\000a\000t\000i\000o\000n\000s\000\040\000c\000o\000n\000n\000u\000e\000s\000\040\000e\000t\000\040\000p\000o\000i\000n\000t\000s\000\040\000d\000e\000\040\000v\000i\000g\000i\000l\000a\000n\000c\000e}{part*.2}% 44
