\BOOKMARK [1][-]{section.1}{\376\377\000P\000r\000\351\000s\000e\000n\000t\000a\000t\000i\000o\000n\000\040\000g\000\351\000n\000\351\000r\000a\000l\000e}{}% 1
\BOOKMARK [1][-]{section.2}{\376\377\000P\000r\000\351\000r\000e\000q\000u\000i\000s\000\040\000e\000t\000\040\000c\000o\000m\000p\000i\000l\000a\000t\000i\000o\000n}{}% 2
\BOOKMARK [2][-]{subsection.2.1}{\376\377\000C\000o\000m\000p\000i\000l\000a\000t\000e\000u\000r}{section.2}% 3
\BOOKMARK [2][-]{subsection.2.2}{\376\377\000D\000o\000u\000b\000l\000e\000\040\000c\000o\000m\000p\000i\000l\000a\000t\000i\000o\000n}{section.2}% 4
\BOOKMARK [2][-]{subsection.2.3}{\376\377\000P\000a\000c\000k\000a\000g\000e\000s\000\040\000r\000e\000q\000u\000i\000s\000\040\000\050\000c\000h\000a\000r\000g\000\351\000s\000\040\000a\000u\000t\000o\000m\000a\000t\000i\000q\000u\000e\000m\000e\000n\000t\000\051}{section.2}% 5
\BOOKMARK [2][-]{subsection.2.4}{\376\377\000P\000o\000l\000i\000c\000e}{section.2}% 6
\BOOKMARK [1][-]{section.3}{\376\377\000C\000h\000a\000r\000g\000e\000m\000e\000n\000t\000\040\000d\000u\000\040\000p\000a\000c\000k\000a\000g\000e\000\040\000e\000t\000\040\000o\000p\000t\000i\000o\000n\000s}{}% 7
\BOOKMARK [2][-]{subsection.3.1}{\376\377\000O\000p\000t\000i\000o\000n\000s\000\040\000d\000e\000\040\000c\000h\000a\000r\000g\000e\000m\000e\000n\000t\000\040\000d\000e\000\040\000m\000o\000d\000u\000l\000e\000s}{section.3}% 8
\BOOKMARK [2][-]{subsection.3.2}{\376\377\000O\000p\000t\000i\000o\000n\000\040\000d\000e\000\040\000f\000i\000l\000i\000g\000r\000a\000n\000e}{section.3}% 9
\BOOKMARK [2][-]{subsection.3.3}{\376\377\000O\000p\000t\000i\000o\000n\000s\000\040\000i\000n\000c\000o\000n\000n\000u\000e\000s}{section.3}% 10
\BOOKMARK [1][-]{section.4}{\376\377\000C\000o\000n\000c\000e\000p\000t\000s\000\040\000c\000l\000\351\000s}{}% 11
\BOOKMARK [1][-]{section.5}{\376\377\000L\000'\000e\000n\000v\000i\000r\000o\000n\000n\000e\000m\000e\000n\000t\000\040\000M\000a\000q\000u\000e\000t\000t\000e}{}% 12
\BOOKMARK [2][-]{subsection.5.1}{\376\377\000S\000y\000n\000t\000a\000x\000e}{section.5}% 13
\BOOKMARK [2][-]{subsection.5.2}{\376\377\000J\000e\000u\000\040\000d\000e\000\040\000c\000l\000\351\000s\000\040\000B\000o\000u\000l\000o\000t}{section.5}% 14
\BOOKMARK [2][-]{subsection.5.3}{\376\377\000J\000e\000u\000x\000\040\000d\000e\000\040\000c\000l\000\351\000s\000\040\000s\000p\000\351\000c\000i\000f\000i\000q\000u\000e\000s\000\040\000\340\000\040\000c\000h\000a\000q\000u\000e\000\040\000B\000o\000u\000l\000o\000t}{section.5}% 15
\BOOKMARK [2][-]{subsection.5.4}{\376\377\000E\000x\000e\000m\000p\000l\000e\000\040\000d\000'\000u\000t\000i\000l\000i\000s\000a\000t\000i\000o\000n}{section.5}% 16
\BOOKMARK [1][-]{section.6}{\376\377\000L\000'\000e\000n\000v\000i\000r\000o\000n\000n\000e\000m\000e\000n\000t\000\040\000e\000x\000e\000r\000c\000i\000c\000e}{}% 17
\BOOKMARK [2][-]{subsection.6.1}{\376\377\000J\000e\000u\000\040\000d\000e\000\040\000c\000l\000\351\000s\000\040\000C\000l\000e\000s\000E\000x\000e\000r\000c\000i\000c\000e\000s}{section.6}% 18
\BOOKMARK [2][-]{subsection.6.2}{\376\377\000E\000x\000e\000m\000p\000l\000e}{section.6}% 19
\BOOKMARK [1][-]{section.7}{\376\377\000S\000y\000s\000t\000\350\000m\000e\000\040\000d\000e\000\040\000b\000a\000r\000\350\000m\000e\000\040\000e\000t\000\040\000d\000e\000\040\000n\000o\000t\000a\000t\000i\000o\000n}{}% 20
\BOOKMARK [2][-]{subsection.7.1}{\376\377\000\134\000b\000r\000m\000[\000d\000\351\000c\000a\000l\000a\000g\000e\000]\000\173\000p\000o\000i\000n\000t\000s\000\175}{section.7}% 21
\BOOKMARK [2][-]{subsection.7.2}{\376\377\000\134\000t\000o\000t\000a\000l\000\173\000<\000m\000a\000q\000u\000e\000t\000t\000e\000>\000-\000<\000n\000u\000m\000\351\000r\000o\000\040\000e\000x\000e\000r\000c\000i\000c\000e\000>\000\175}{section.7}% 22
\BOOKMARK [2][-]{subsection.7.3}{\376\377\000\134\000N\000o\000t\000e\000F\000i\000n\000a\000l\000e}{section.7}% 23
\BOOKMARK [2][-]{subsection.7.4}{\376\377\000\134\000F\000r\000a\000n\000P\000t\000\173\000p\000o\000i\000n\000t\000s\000\175}{section.7}% 24
\BOOKMARK [1][-]{section.8}{\376\377\000T\000i\000r\000a\000g\000e\000\040\000a\000l\000\351\000a\000t\000o\000i\000r\000e\000\040\000d\000'\000e\000x\000e\000r\000c\000i\000c\000e\000s}{}% 25
\BOOKMARK [2][-]{subsection.8.1}{\376\377\000\134\000F\000i\000x\000e\000r\000T\000i\000r\000a\000g\000e\000E\000x\000o\000\173\000g\000r\000a\000i\000n\000e\000\175}{section.8}% 26
\BOOKMARK [2][-]{subsection.8.2}{\376\377\000\134\000C\000h\000o\000i\000s\000i\000r\000E\000x\000e\000r\000c\000i\000c\000e\000s\000\173\000N\000\175\000[\000T\000o\000t\000a\000l\000]}{section.8}% 27
\BOOKMARK [2][-]{subsection.8.3}{\376\377\000\134\000L\000i\000s\000t\000e\000E\000x\000e\000r\000c\000i\000c\000e\000s\000C\000h\000o\000i\000s\000i\000s}{section.8}% 28
\BOOKMARK [2][-]{subsection.8.4}{\376\377\000C\000o\000m\000p\000o\000r\000t\000e\000m\000e\000n\000t\000\040\000d\000e\000\040\000l\000a\000\040\000c\000l\000\351\000\040\000P\000r\000i\000n\000t}{section.8}% 29
\BOOKMARK [1][-]{section.9}{\376\377\000M\000o\000d\000e\000\040\000m\000u\000l\000t\000i\000-\000f\000i\000c\000h\000i\000e\000r\000s\000\040\000\050\000b\000a\000n\000q\000u\000e\000s\000\040\000d\000'\000e\000x\000e\000r\000c\000i\000c\000e\000s\000\051}{}% 30
\BOOKMARK [2][-]{subsection.9.1}{\376\377\000M\000a\000r\000q\000u\000e\000r\000\040\000u\000n\000\040\000f\000i\000c\000h\000i\000e\000r\000\040\000d\000e\000\040\000b\000a\000n\000q\000u\000e}{section.9}% 31
\BOOKMARK [2][-]{subsection.9.2}{\376\377\000I\000m\000p\000o\000r\000t\000e\000r\000\040\000u\000n\000\040\000f\000i\000c\000h\000i\000e\000r\000\040\000d\000e\000\040\000b\000a\000n\000q\000u\000e\000\040\000\253\000\040\000b\000r\000u\000t\000\040\000\273}{section.9}% 32
\BOOKMARK [2][-]{subsection.9.3}{\376\377\000\134\000I\000n\000p\000u\000t\000B\000a\000n\000k\000\173\000C\000l\000a\000s\000s\000e\000\175\000\173\000S\000e\000m\000e\000s\000t\000r\000e\000\175\000\173\000P\000a\000r\000t\000i\000e\000\175\000\173\000N\000o\000m\000F\000i\000c\000h\000i\000e\000r\000\175}{section.9}% 33
\BOOKMARK [2][-]{subsection.9.4}{\376\377\000\134\000C\000h\000o\000i\000s\000i\000r\000E\000x\000e\000r\000c\000i\000c\000e\000s\000M\000u\000l\000t\000i\000\173\000s\000p\000\351\000c\000i\000f\000i\000c\000a\000t\000i\000o\000n\000\175}{section.9}% 34
\BOOKMARK [1][-]{section.10}{\376\377\000P\000e\000r\000m\000u\000t\000a\000t\000i\000o\000n\000\040\000d\000e\000\040\000l\000'\000o\000r\000d\000r\000e\000\040\000d\000'\000a\000f\000f\000i\000c\000h\000a\000g\000e}{}% 35
\BOOKMARK [2][-]{subsection.10.1}{\376\377\000\134\000p\000e\000r\000m\000u\000t\000e\000E\000x\000e\000r\000c\000i\000c\000e\000s\000\173\000l\000i\000s\000t\000e\000\040\000d\000'\000i\000n\000d\000i\000c\000e\000s\000\175}{section.10}% 36
\BOOKMARK [2][-]{subsection.10.2}{\376\377\000\134\000A\000f\000f\000i\000c\000h\000e\000r\000E\000x\000e\000r\000c\000i\000c\000e\000s\000P\000e\000r\000m\000u\000t\000e\000s}{section.10}% 37
\BOOKMARK [2][-]{subsection.10.3}{\376\377\000\134\000N\000b\000E\000x\000e\000r\000c\000i\000c\000e\000s\000R\000e\000t\000e\000n\000u\000s}{section.10}% 38
\BOOKMARK [2][-]{subsection.10.4}{\376\377\000E\000x\000e\000m\000p\000l\000e}{section.10}% 39
\BOOKMARK [1][-]{section.11}{\376\377\000C\000o\000m\000m\000a\000n\000d\000e\000s\000\040\000u\000t\000i\000l\000i\000t\000a\000i\000r\000e\000s\000\040\000d\000i\000v\000e\000r\000s\000e\000s}{}% 40
\BOOKMARK [2][-]{subsection.11.1}{\376\377\000N\000o\000t\000a\000t\000i\000o\000n\000\040\000m\000a\000t\000h\000\351\000m\000a\000t\000i\000q\000u\000e}{section.11}% 41
\BOOKMARK [2][-]{subsection.11.2}{\376\377\000L\000i\000g\000n\000e\000s\000\040\000e\000t\000\040\000p\000o\000i\000n\000t\000s\000\040\000d\000e\000\040\000r\000\351\000p\000o\000n\000s\000e}{section.11}% 42
\BOOKMARK [2][-]{subsection.11.3}{\376\377\000L\000o\000n\000g\000u\000e\000u\000r\000s\000\040\000c\000o\000n\000f\000i\000g\000u\000r\000a\000b\000l\000e\000s}{section.11}% 43
\BOOKMARK [2][-]{subsection.11.4}{\376\377\000C\000o\000u\000l\000e\000u\000r\000s\000\040\000p\000r\000\351\000d\000\351\000f\000i\000n\000i\000e\000s}{section.11}% 44
\BOOKMARK [1][-]{section.12}{\376\377\000M\000o\000d\000u\000l\000e\000s\000\040\000o\000p\000t\000i\000o\000n\000n\000e\000l\000s\000\040\000\050\000s\000t\000y\000l\000e\000,\000\040\000d\000i\000a\000g\000,\000\040\000f\000i\000g\000\051}{}% 45
\BOOKMARK [1][-]{section.13}{\376\377\000C\000h\000e\000m\000i\000n\000s\000\040\000c\000o\000d\000\351\000s\000\040\000e\000n\000\040\000d\000u\000r\000\040\040\024\000\040\000p\000o\000i\000n\000t\000s\000\040\000d\000e\000\040\000v\000i\000g\000i\000l\000a\000n\000c\000e}{}% 46
\BOOKMARK [2][-]{subsection.13.1}{\376\377\000R\000e\000c\000o\000m\000m\000a\000n\000d\000a\000t\000i\000o\000n\000s\000\040\000d\000e\000\040\000p\000o\000r\000t\000a\000g\000e}{section.13}% 47
\BOOKMARK [1][-]{section.14}{\376\377\000E\000x\000e\000m\000p\000l\000e\000\040\000c\000o\000m\000p\000l\000e\000t}{}% 48
\BOOKMARK [1][-]{section.15}{\376\377\000A\000i\000d\000e\000-\000m\000\351\000m\000o\000i\000r\000e\000\040\000\050\000c\000h\000e\000a\000t\000\040\000s\000h\000e\000e\000t\000\051}{}% 49
